constructing SmoothPulseProblem [UnitaryTrajectory]
┌ Warning: Trajectory has timestep variable :Δt but no bounds on it.
│ Adding default lower bound of 0 to prevent negative timesteps.
│ 
│ Recommended: Add explicit bounds when creating the trajectory:
│   NamedTrajectory(...; Δt_bounds=(min, max))
│ Example:
│   NamedTrajectory(qtraj, N; Δt_bounds=(1e-3, 0.5))
│ 
│ Or use timesteps_all_equal=true in problem options to fix timesteps.
└ @ DirectTrajOpt.Problems ~/.julia/packages/DirectTrajOpt/TIf6x/src/problems.jl:66
QuantumControlProblem
├─ UnitaryTrajectory  ·  ZeroOrderPulse  ·  BilinearIntegrator, DerivativeIntegrator, DerivativeIntegrator
│  
├─ System
│    dim=3   drives=2
│  
├─ Trajectory
│    N=50   T=10.000   Δt∈[0, Inf]
│    Ũ⃗    (18)  ±[1.0, 1.0, 1.0, … (18 total)]  ✓  state
│    Δt   ( 1)  [0.0, Inf]                      ✓  timestep
│    t    ( 1)                                  ·  state
│    u    ( 2)  ±[0.2, 0.2]                     ✓  control
│    du   ( 2)                                  ·  control
│    ddu  ( 2)  ±[1.0, 1.0]                     ✓  control
│  
├─ Goal
│    EmbeddedOperator on [3], subspace dim 2
│  
├─ Objective   total = 44.95  @ current x
│    KnotPointObjective           w=1             44.25
│    QuadraticRegularizer(:u)     w=1             2.042e-04
│    QuadraticRegularizer(:du)    w=1             9.849e-03
│    QuadraticRegularizer(:ddu)   w=1             0.6964
│    NullObjective                w=1             0
│  
├─ Constraints   1/14 violated at x₀
│    [dyn]  BilinearIntegrator          ✗  (‖c‖∞ = 0.09876)
│    [dyn]  DerivativeIntegrator        ✓  (‖c‖∞ = 2.776e-17)
│    [dyn]  DerivativeIntegrator        ✓  (‖c‖∞ = 2.220e-16)
│    [ineq] AllEqualConstraint          ✓  (no eval)
│    [eq]   EqualityConstraint          ✓  (no eval)
│    [eq]   EqualityConstraint          ✓  (no eval)
│    [eq]   EqualityConstraint          ✓  (no eval)
│    [bnd]  BoundsConstraint            ✓  
│    [bnd]  BoundsConstraint            ✓  
│    [bnd]  BoundsConstraint            ✓  
│    [bnd]  BoundsConstraint            ✓  
│    [bnd]  BoundsConstraint            ✓  
│    [eq]   TimeConsistencyConstraint   ✓  (no eval)
│    [eq]   EqualityConstraint          ✓  (no eval)
│  
└─ Status
     variables: 1300   (1100 bounded)
     equality:  52827
     inequality: 1
     F (raw)       = 0.557531

Hint: show_problem(qcp; detail=:full) for pulse plot + sparsity

AMICODE_ITER iter=0 f=4.427415e+01 inf_pr=2.715e+00 inf_du=4.401e+00

******************************************************************************
This program contains Ipopt, a library for large-scale nonlinear optimization.
 Ipopt is released as open source code under the Eclipse Public License (EPL).
         For more information visit https://github.com/coin-or/Ipopt
******************************************************************************

AMICODE_ITER iter=1 f=3.312001e+00 inf_pr=1.962e+00 inf_du=1.835e+02
AMICODE_ITER iter=2 f=1.909965e+01 inf_pr=1.305e-01 inf_du=1.641e+02
AMICODE_ITER iter=3 f=2.688086e+01 inf_pr=2.734e-03 inf_du=1.741e+02
AMICODE_ITER iter=4 f=2.499717e+01 inf_pr=2.649e-04 inf_du=1.925e+02
AMICODE_ITER iter=5 f=2.047457e+01 inf_pr=1.168e-03 inf_du=1.436e+00
AMICODE_ITER iter=6 f=1.371681e+01 inf_pr=1.334e-03 inf_du=1.135e+00
AMICODE_ITER iter=7 f=2.567280e+00 inf_pr=5.849e-03 inf_du=4.532e+00
AMICODE_ITER iter=8 f=1.243844e+00 inf_pr=1.448e-02 inf_du=5.058e+03
AMICODE_ITER iter=9 f=2.715532e+00 inf_pr=7.488e-03 inf_du=1.266e+05
AMICODE_ITER iter=10 f=2.760619e+00 inf_pr=2.607e-04 inf_du=2.939e+04
AMICODE_ITER iter=11 f=2.141433e+00 inf_pr=5.075e-05 inf_du=2.069e+00
AMICODE_ITER iter=12 f=1.090665e+00 inf_pr=3.007e-04 inf_du=1.943e-01
AMICODE_ITER iter=13 f=2.750855e-02 inf_pr=7.233e-04 inf_du=1.921e+02
AMICODE_ITER iter=14 f=7.579673e-01 inf_pr=6.602e-04 inf_du=1.915e+02
AMICODE_ITER iter=15 f=8.604789e-01 inf_pr=9.254e-07 inf_du=9.379e-01
AMICODE_ITER iter=16 f=7.798056e-01 inf_pr=4.902e-06 inf_du=1.591e-01
AMICODE_ITER iter=17 f=5.809716e-01 inf_pr=3.379e-05 inf_du=1.330e-01
AMICODE_ITER iter=18 f=2.319975e-01 inf_pr=1.465e-04 inf_du=9.073e-02
AMICODE_ITER iter=19 f=5.657439e-02 inf_pr=2.357e-04 inf_du=1.924e+02
AMICODE_ITER iter=20 f=1.418744e-01 inf_pr=1.465e-04 inf_du=1.923e+02
AMICODE_ITER iter=21 f=1.615507e-01 inf_pr=2.529e-07 inf_du=5.215e-01
AMICODE_ITER iter=22 f=1.421320e-01 inf_pr=1.716e-06 inf_du=6.246e-02
AMICODE_ITER iter=23 f=9.743153e-02 inf_pr=1.068e-05 inf_du=5.106e-02
AMICODE_ITER iter=24 f=3.100677e-02 inf_pr=3.676e-05 inf_du=3.206e-02
AMICODE_ITER iter=25 f=2.149879e-02 inf_pr=4.050e-05 inf_du=1.924e+02
AMICODE_ITER iter=26 f=2.110705e-02 inf_pr=1.111e-05 inf_du=1.924e+02
AMICODE_ITER iter=27 f=2.287865e-02 inf_pr=4.976e-08 inf_du=3.663e-01
AMICODE_ITER iter=28 f=2.057141e-02 inf_pr=2.819e-07 inf_du=1.757e-02
AMICODE_ITER iter=29 f=1.566875e-02 inf_pr=1.540e-06 inf_du=1.382e-02
AMICODE_ITER iter=30 f=9.845458e-03 inf_pr=3.980e-06 inf_du=7.545e-03
AMICODE_ITER iter=31 f=1.037462e-02 inf_pr=3.020e-06 inf_du=1.924e+02
AMICODE_ITER iter=32 f=9.708787e-03 inf_pr=1.299e-06 inf_du=1.924e+02
AMICODE_ITER iter=33 f=9.757572e-03 inf_pr=4.887e-08 inf_du=3.527e-01
AMICODE_ITER iter=34 f=9.648300e-03 inf_pr=2.990e-08 inf_du=3.208e-03
AMICODE_ITER iter=35 f=9.435164e-03 inf_pr=8.478e-08 inf_du=2.684e-03
AMICODE_ITER iter=36 f=9.281332e-03 inf_pr=1.850e-07 inf_du=1.924e+02
AMICODE_ITER iter=37 f=9.315456e-03 inf_pr=3.351e-07 inf_du=1.924e+02
AMICODE_ITER iter=38 f=9.332486e-03 inf_pr=1.542e-10 inf_du=1.467e-02
AMICODE_ITER iter=39 f=9.317899e-03 inf_pr=1.125e-09 inf_du=2.186e-03
AMICODE_ITER iter=40 f=9.283247e-03 inf_pr=7.451e-09 inf_du=2.047e-03
AMICODE_ITER iter=41 f=9.226014e-03 inf_pr=3.074e-08 inf_du=1.767e-03
AMICODE_ITER iter=42 f=9.195011e-03 inf_pr=6.195e-08 inf_du=1.924e+02
AMICODE_ITER iter=43 f=9.136038e-03 inf_pr=3.153e-07 inf_du=1.924e+02
AMICODE_ITER iter=44 f=9.137616e-03 inf_pr=4.528e-11 inf_du=7.841e-03
AMICODE_ITER iter=45 f=9.134479e-03 inf_pr=3.146e-10 inf_du=1.453e-03
AMICODE_ITER iter=46 f=9.126828e-03 inf_pr=2.038e-09 inf_du=1.389e-03
AMICODE_ITER iter=47 f=9.111456e-03 inf_pr=8.248e-09 inf_du=1.377e-03
AMICODE_ITER iter=48 f=9.088690e-03 inf_pr=5.431e-08 inf_du=1.924e+02
AMICODE_ITER iter=49 f=9.001065e-03 inf_pr=4.205e-07 inf_du=1.924e+02
AMICODE_ITER iter=50 f=9.000330e-03 inf_pr=7.382e-10 inf_du=3.516e-02
AMICODE_ITER iter=51 f=8.998946e-03 inf_pr=2.533e-10 inf_du=1.200e-03
AMICODE_ITER iter=52 f=8.994278e-03 inf_pr=1.160e-09 inf_du=1.212e-03
AMICODE_ITER iter=53 f=8.982299e-03 inf_pr=9.944e-09 inf_du=1.924e+02
AMICODE_ITER iter=54 f=8.943076e-03 inf_pr=8.767e-08 inf_du=1.924e+02
AMICODE_ITER iter=55 f=8.942956e-03 inf_pr=6.080e-12 inf_du=3.079e-03
AMICODE_ITER iter=56 f=8.942226e-03 inf_pr=2.578e-11 inf_du=1.137e-03
AMICODE_ITER iter=57 f=8.940084e-03 inf_pr=2.319e-10 inf_du=1.141e-03
AMICODE_ITER iter=58 f=8.933903e-03 inf_pr=2.064e-09 inf_du=1.924e+02
AMICODE_ITER iter=59 f=8.917972e-03 inf_pr=1.428e-08 inf_du=1.924e+02
AMICODE_ITER iter=60 f=8.917966e-03 inf_pr=7.926e-13 inf_du=1.106e-03
DONE fidelity=0.9999788203047787
